Requirement already satisfied: sdv<2.0,>=1.0 in .\.venv\Lib\site-packages (1.38.5)
Requirement already satisfied: boto3<2.0.0,>=1.28 in .\.venv\Lib\site-packages (from sdv<2.0,>=1.0) (1.43.108)
Requirement already satisfied: botocore<2.0.0,>=1.31 in .\.venv\Lib\site-packages (from sdv<2.0,>=1.0) (1.43.108)
Requirement already satisfied: cloudpickle>=2.1.0 in .\.venv\Lib\site-packages (from sdv<2.0,>=1.0) (3.1.2)
Requirement already satisfied: graphviz>=0.13.2 in .\.venv\Lib\site-packages (from sdv<2.0,>=1.0) (0.21)
Requirement already satisfied: numpy>=1.24.0 in .\.venv\Lib\site-packages (from sdv<2.0,>=1.0) (1.26.4)
Requirement already satisfied: pandas<3,>=1.5.0 in .\.venv\Lib\site-packages (from sdv<2.0,>=1.0) (2.3.3)
Requirement already satisfied: tqdm>=4.29 in .\.venv\Lib\site-packages (from sdv<2.0,>=1.0) (4.70.1)
Requirement already satisfied: copulas>=0.12.1 in .\.venv\Lib\site-packages (from sdv<2.0,>=1.0) (0.14.1)
Requirement already satisfied: ctgan>=0.11.1 in .\.venv\Lib\site-packages (from sdv<2.0,>=1.0) (0.12.1)
Requirement already satisfied: deepecho>=0.7.0 in .\.venv\Lib\site-packages (from sdv<2.0,>=1.0) (0.8.1)
Requirement already satisfied: rdt<2,>=1.18.2 in .\.venv\Lib\site-packages (from sdv<2.0,>=1.0) (1.22.0)
Requirement already satisfied: sdmetrics>=0.32.0 in .\.venv\Lib\site-packages (from sdv<2.0,>=1.0) (0.32.0)
Requirement already satisfied: platformdirs>=4.0 in .\.venv\Lib\site-packages (from sdv<2.0,>=1.0) (4.12.0)
Requirement already satisfied: pyyaml>=6.0.1 in .\.venv\Lib\site-packages (from sdv<2.0,>=1.0) (6.0.3)
Requirement already satisfied: jmespath<2.0.0,>=0.7.1 in .\.venv\Lib\site-packages (from boto3<2.0.0,>=1.28->sdv<2.0,>=1.0) (1.1.0)
Requirement already satisfied: s3transfer<0.20.0,>=0.19.0 in .\.venv\Lib\site-packages (from boto3<2.0.0,>=1.28->sdv<2.0,>=1.0) (0.19.2)
Requirement already satisfied: python-dateutil<3.0.0,>=2.1 in .\.venv\Lib\site-packages (from botocore<2.0.0,>=1.31->sdv<2.0,>=1.0) (2.9.0.post0)
Requirement already satisfied: urllib3!=2.2.0,<3,>=1.25.4 in .\.venv\Lib\site-packages (from botocore<2.0.0,>=1.31->sdv<2.0,>=1.0) (2.8.0)
Requirement already satisfied: pytz>=2020.1 in .\.venv\Lib\site-packages (from pandas<3,>=1.5.0->sdv<2.0,>=1.0) (2026.5)
Requirement already satisfied: tzdata>=2022.7 in .\.venv\Lib\site-packages (from pandas<3,>=1.5.0->sdv<2.0,>=1.0) (2026.4)
Requirement already satisfied: six>=1.5 in .\.venv\Lib\site-packages (from python-dateutil<3.0.0,>=2.1->botocore<2.0.0,>=1.31->sdv<2.0,>=1.0) (1.17.0)
Requirement already satisfied: scipy>=1.9.2 in .\.venv\Lib\site-packages (from rdt<2,>=1.18.2->sdv<2.0,>=1.0) (1.17.1)
Requirement already satisfied: scikit-learn>=1.1.3 in .\.venv\Lib\site-packages (from rdt<2,>=1.18.2->sdv<2.0,>=1.0) (1.9.1)
Requirement already satisfied: Faker!=37.11.0,>=17 in .\.venv\Lib\site-packages (from rdt<2,>=1.18.2->sdv<2.0,>=1.0) (40.40.0)
Requirement already satisfied: plotly>=5.10.0 in .\.venv\Lib\site-packages (from copulas>=0.12.1->sdv<2.0,>=1.0) (7.1.0)
Requirement already satisfied: torch>=2.0.0 in .\.venv\Lib\site-packages (from ctgan>=0.11.1->sdv<2.0,>=1.0) (2.14.1)
Requirement already satisfied: narwhals>=1.15.1 in .\.venv\Lib\site-packages (from plotly>=5.10.0->copulas>=0.12.1->sdv<2.0,>=1.0) (2.26.0)
Requirement already satisfied: packaging in .\.venv\Lib\site-packages (from plotly>=5.10.0->copulas>=0.12.1->sdv<2.0,>=1.0) (26.3)
Requirement already satisfied: joblib>=1.4.0 in .\.venv\Lib\site-packages (from scikit-learn>=1.1.3->rdt<2,>=1.18.2->sdv<2.0,>=1.0) (1.6.0)
Requirement already satisfied: threadpoolctl>=3.5.0 in .\.venv\Lib\site-packages (from scikit-learn>=1.1.3->rdt<2,>=1.18.2->sdv<2.0,>=1.0) (3.7.0)
Requirement already satisfied: filelock in .\.venv\Lib\site-packages (from torch>=2.0.0->ctgan>=0.11.1->sdv<2.0,>=1.0) (4.0.10)
Requirement already satisfied: typing-extensions>=4.10.0 in .\.venv\Lib\site-packages (from torch>=2.0.0->ctgan>=0.11.1->sdv<2.0,>=1.0) (4.16.0)
Requirement already satisfied: setuptools>=77.0.3 in .\.venv\Lib\site-packages (from torch>=2.0.0->ctgan>=0.11.1->sdv<2.0,>=1.0) (84.0.0)
Requirement already satisfied: sympy>=1.13.3 in .\.venv\Lib\site-packages (from torch>=2.0.0->ctgan>=0.11.1->sdv<2.0,>=1.0) (1.14.0)
Requirement already satisfied: networkx>=2.5.1 in .\.venv\Lib\site-packages (from torch>=2.0.0->ctgan>=0.11.1->sdv<2.0,>=1.0) (3.6.1)
Requirement already satisfied: jinja2 in .\.venv\Lib\site-packages (from torch>=2.0.0->ctgan>=0.11.1->sdv<2.0,>=1.0) (3.1.6)
Requirement already satisfied: fsspec>=0.8.5 in .\.venv\Lib\site-packages (from torch>=2.0.0->ctgan>=0.11.1->sdv<2.0,>=1.0) (2026.9.0)
Requirement already satisfied: mpmath<1.4,>=1.1.0 in .\.venv\Lib\site-packages (from sympy>=1.13.3->torch>=2.0.0->ctgan>=0.11.1->sdv<2.0,>=1.0) (1.3.0)
Requirement already satisfied: colorama in .\.venv\Lib\site-packages (from tqdm>=4.29->sdv<2.0,>=1.0) (0.4.6)
Requirement already satisfied: MarkupSafe>=2.0 in .\.venv\Lib\site-packages (from jinja2->torch>=2.0.0->ctgan>=0.11.1->sdv<2.0,>=1.0) (3.0.4)
